[debug] [2026-03-19T02:42:24.913Z] > command requires scopes: ["email","openid","https://www.googleapis.com/auth/cloudplatformprojects.readonly","https://www.googleapis.com/auth/firebase","https://www.googleapis.com/auth/cloud-platform"]
[debug] [2026-03-19T02:42:24.915Z] > authorizing via signed-in user (saqoosha@whatever.co)
[debug] [2026-03-19T02:42:24.915Z] > command requires scopes: ["email","openid","https://www.googleapis.com/auth/cloudplatformprojects.readonly","https://www.googleapis.com/auth/firebase","https://www.googleapis.com/auth/cloud-platform"]
[debug] [2026-03-19T02:42:24.915Z] > authorizing via signed-in user (saqoosha@whatever.co)
[debug] [2026-03-19T02:42:24.923Z] > command requires scopes: ["email","openid","https://www.googleapis.com/auth/cloudplatformprojects.readonly","https://www.googleapis.com/auth/firebase","https://www.googleapis.com/auth/cloud-platform"]
[debug] [2026-03-19T02:42:24.923Z] > authorizing via signed-in user (saqoosha@whatever.co)
[debug] [2026-03-19T02:42:24.936Z] Checked if tokens are valid: false, expires at: 1773849745122
[debug] [2026-03-19T02:42:24.936Z] Checked if tokens are valid: false, expires at: 1773849745122
[debug] [2026-03-19T02:42:24.936Z] > refreshing access token with scopes: []
[debug] [2026-03-19T02:42:24.937Z] >>> [apiv2][query] POST https://www.googleapis.com/oauth2/v3/token [none]
[debug] [2026-03-19T02:42:24.937Z] >>> [apiv2][body] POST https://www.googleapis.com/oauth2/v3/token [omitted]
[debug] [2026-03-19T02:42:24.947Z] Checked if tokens are valid: false, expires at: 1773849745122
[debug] [2026-03-19T02:42:24.947Z] Checked if tokens are valid: false, expires at: 1773849745122
[debug] [2026-03-19T02:42:24.947Z] > refreshing access token with scopes: []
[debug] [2026-03-19T02:42:24.947Z] >>> [apiv2][query] POST https://www.googleapis.com/oauth2/v3/token [none]
[debug] [2026-03-19T02:42:24.947Z] >>> [apiv2][body] POST https://www.googleapis.com/oauth2/v3/token [omitted]
[debug] [2026-03-19T02:42:24.948Z] Checked if tokens are valid: false, expires at: 1773849745122
[debug] [2026-03-19T02:42:24.948Z] Checked if tokens are valid: false, expires at: 1773849745122
[debug] [2026-03-19T02:42:24.948Z] > refreshing access token with scopes: []
[debug] [2026-03-19T02:42:24.948Z] >>> [apiv2][query] POST https://www.googleapis.com/oauth2/v3/token [none]
[debug] [2026-03-19T02:42:24.948Z] >>> [apiv2][body] POST https://www.googleapis.com/oauth2/v3/token [omitted]
[debug] [2026-03-19T02:42:25.237Z] <<< [apiv2][status] POST https://www.googleapis.com/oauth2/v3/token 200
[debug] [2026-03-19T02:42:25.237Z] <<< [apiv2][body] POST https://www.googleapis.com/oauth2/v3/token [omitted]
[debug] [2026-03-19T02:42:25.251Z] >>> [apiv2][query] GET https://serviceusage.googleapis.com/v1/projects//services/firebaseappdistribution.googleapis.com [none]
[debug] [2026-03-19T02:42:25.251Z] >>> [apiv2][(partial)header] GET https://serviceusage.googleapis.com/v1/projects//services/firebaseappdistribution.googleapis.com x-goog-quota-user=projects/
[debug] [2026-03-19T02:42:25.252Z] <<< [apiv2][status] POST https://www.googleapis.com/oauth2/v3/token 200
[debug] [2026-03-19T02:42:25.252Z] <<< [apiv2][body] POST https://www.googleapis.com/oauth2/v3/token [omitted]
[debug] [2026-03-19T02:42:25.263Z] >>> [apiv2][query] GET https://serviceusage.googleapis.com/v1/projects//services/firebaseappdistribution.googleapis.com [none]
[debug] [2026-03-19T02:42:25.263Z] >>> [apiv2][(partial)header] GET https://serviceusage.googleapis.com/v1/projects//services/firebaseappdistribution.googleapis.com x-goog-quota-user=projects/
[debug] [2026-03-19T02:42:25.264Z] <<< [apiv2][status] POST https://www.googleapis.com/oauth2/v3/token 200
[debug] [2026-03-19T02:42:25.264Z] <<< [apiv2][body] POST https://www.googleapis.com/oauth2/v3/token [omitted]
[debug] [2026-03-19T02:42:25.275Z] >>> [apiv2][query] GET https://serviceusage.googleapis.com/v1/projects//services/firebaseappdistribution.googleapis.com [none]
[debug] [2026-03-19T02:42:25.275Z] >>> [apiv2][(partial)header] GET https://serviceusage.googleapis.com/v1/projects//services/firebaseappdistribution.googleapis.com x-goog-quota-user=projects/
[debug] [2026-03-19T02:42:26.284Z] <<< [apiv2][status] GET https://serviceusage.googleapis.com/v1/projects//services/firebaseappdistribution.googleapis.com 400
[debug] [2026-03-19T02:42:26.284Z] <<< [apiv2][body] GET https://serviceusage.googleapis.com/v1/projects//services/firebaseappdistribution.googleapis.com [omitted]
[debug] [2026-03-19T02:42:26.285Z] > command requires scopes: ["email","openid","https://www.googleapis.com/auth/cloudplatformprojects.readonly","https://www.googleapis.com/auth/firebase","https://www.googleapis.com/auth/cloud-platform"]
[debug] [2026-03-19T02:42:26.285Z] > authorizing via signed-in user (saqoosha@whatever.co)
[debug] [2026-03-19T02:42:26.285Z] > command requires scopes: ["email","openid","https://www.googleapis.com/auth/cloudplatformprojects.readonly","https://www.googleapis.com/auth/firebase","https://www.googleapis.com/auth/cloud-platform"]
[debug] [2026-03-19T02:42:26.285Z] > authorizing via signed-in user (saqoosha@whatever.co)
[debug] [2026-03-19T02:42:26.285Z] <<< [apiv2][status] GET https://serviceusage.googleapis.com/v1/projects//services/firebaseappdistribution.googleapis.com 400
[debug] [2026-03-19T02:42:26.285Z] <<< [apiv2][body] GET https://serviceusage.googleapis.com/v1/projects//services/firebaseappdistribution.googleapis.com [omitted]
[debug] [2026-03-19T02:42:26.286Z] <<< [apiv2][status] GET https://serviceusage.googleapis.com/v1/projects//services/firebaseappdistribution.googleapis.com 400
[debug] [2026-03-19T02:42:26.286Z] <<< [apiv2][body] GET https://serviceusage.googleapis.com/v1/projects//services/firebaseappdistribution.googleapis.com [omitted]
[debug] [2026-03-19T02:42:26.286Z] > command requires scopes: ["email","openid","https://www.googleapis.com/auth/cloudplatformprojects.readonly","https://www.googleapis.com/auth/firebase","https://www.googleapis.com/auth/cloud-platform"]
[debug] [2026-03-19T02:42:26.287Z] > authorizing via signed-in user (saqoosha@whatever.co)
[debug] [2026-03-19T02:42:26.287Z] > command requires scopes: ["email","openid","https://www.googleapis.com/auth/cloudplatformprojects.readonly","https://www.googleapis.com/auth/firebase","https://www.googleapis.com/auth/cloud-platform"]
[debug] [2026-03-19T02:42:26.287Z] > authorizing via signed-in user (saqoosha@whatever.co)
[debug] [2026-03-19T02:42:27.323Z] > command requires scopes: ["email","openid","https://www.googleapis.com/auth/cloudplatformprojects.readonly","https://www.googleapis.com/auth/firebase","https://www.googleapis.com/auth/cloud-platform"]
[debug] [2026-03-19T02:42:27.325Z] > authorizing via signed-in user (saqoosha@whatever.co)
[debug] [2026-03-19T02:42:27.325Z] > command requires scopes: ["email","openid","https://www.googleapis.com/auth/cloudplatformprojects.readonly","https://www.googleapis.com/auth/firebase","https://www.googleapis.com/auth/cloud-platform"]
[debug] [2026-03-19T02:42:27.325Z] > authorizing via signed-in user (saqoosha@whatever.co)
[debug] [2026-03-19T02:42:27.347Z] Checked if tokens are valid: true, expires at: 1773891744264
[debug] [2026-03-19T02:42:27.347Z] Checked if tokens are valid: true, expires at: 1773891744264
[debug] [2026-03-19T02:42:27.347Z] >>> [apiv2][query] GET https://serviceusage.googleapis.com/v1/projects//services/firebaseappdistribution.googleapis.com [none]
[debug] [2026-03-19T02:42:27.347Z] >>> [apiv2][(partial)header] GET https://serviceusage.googleapis.com/v1/projects//services/firebaseappdistribution.googleapis.com  x-goog-user-project=
[debug] [2026-03-19T02:42:27.357Z] Checked if tokens are valid: true, expires at: 1773891744264
[debug] [2026-03-19T02:42:27.357Z] Checked if tokens are valid: true, expires at: 1773891744264
[debug] [2026-03-19T02:42:27.357Z] >>> [apiv2][query] GET https://serviceusage.googleapis.com/v1/projects//services/firebaseappdistribution.googleapis.com [none]
[debug] [2026-03-19T02:42:27.357Z] >>> [apiv2][(partial)header] GET https://serviceusage.googleapis.com/v1/projects//services/firebaseappdistribution.googleapis.com  x-goog-user-project=
[debug] [2026-03-19T02:42:27.664Z] <<< [apiv2][status] GET https://serviceusage.googleapis.com/v1/projects//services/firebaseappdistribution.googleapis.com 400
[debug] [2026-03-19T02:42:27.664Z] <<< [apiv2][body] GET https://serviceusage.googleapis.com/v1/projects//services/firebaseappdistribution.googleapis.com [omitted]
[debug] [2026-03-19T02:42:27.666Z] > command requires scopes: ["email","openid","https://www.googleapis.com/auth/cloudplatformprojects.readonly","https://www.googleapis.com/auth/firebase","https://www.googleapis.com/auth/cloud-platform"]
[debug] [2026-03-19T02:42:27.666Z] > authorizing via signed-in user (saqoosha@whatever.co)
[debug] [2026-03-19T02:42:27.667Z] > command requires scopes: ["email","openid","https://www.googleapis.com/auth/cloudplatformprojects.readonly","https://www.googleapis.com/auth/firebase","https://www.googleapis.com/auth/cloud-platform"]
[debug] [2026-03-19T02:42:27.667Z] > authorizing via signed-in user (saqoosha@whatever.co)
[debug] [2026-03-19T02:42:28.381Z] <<< [apiv2][status] GET https://serviceusage.googleapis.com/v1/projects//services/firebaseappdistribution.googleapis.com 400
[debug] [2026-03-19T02:42:28.382Z] <<< [apiv2][body] GET https://serviceusage.googleapis.com/v1/projects//services/firebaseappdistribution.googleapis.com [omitted]
[debug] [2026-03-19T02:42:28.385Z] > command requires scopes: ["email","openid","https://www.googleapis.com/auth/cloudplatformprojects.readonly","https://www.googleapis.com/auth/firebase","https://www.googleapis.com/auth/cloud-platform"]
[debug] [2026-03-19T02:42:28.385Z] > authorizing via signed-in user (saqoosha@whatever.co)
[debug] [2026-03-19T02:42:28.386Z] > command requires scopes: ["email","openid","https://www.googleapis.com/auth/cloudplatformprojects.readonly","https://www.googleapis.com/auth/firebase","https://www.googleapis.com/auth/cloud-platform"]
[debug] [2026-03-19T02:42:28.386Z] > authorizing via signed-in user (saqoosha@whatever.co)
[debug] [2026-03-19T02:48:40.223Z] > command requires scopes: ["email","openid","https://www.googleapis.com/auth/cloudplatformprojects.readonly","https://www.googleapis.com/auth/firebase","https://www.googleapis.com/auth/cloud-platform"]
[debug] [2026-03-19T02:48:40.224Z] > authorizing via signed-in user (saqoosha@whatever.co)
[debug] [2026-03-19T02:48:40.224Z] > command requires scopes: ["email","openid","https://www.googleapis.com/auth/cloudplatformprojects.readonly","https://www.googleapis.com/auth/firebase","https://www.googleapis.com/auth/cloud-platform"]
[debug] [2026-03-19T02:48:40.224Z] > authorizing via signed-in user (saqoosha@whatever.co)
[debug] [2026-03-19T02:48:40.232Z] > command requires scopes: ["email","openid","https://www.googleapis.com/auth/cloudplatformprojects.readonly","https://www.googleapis.com/auth/firebase","https://www.googleapis.com/auth/cloud-platform"]
[debug] [2026-03-19T02:48:40.232Z] > authorizing via signed-in user (saqoosha@whatever.co)
[debug] [2026-03-19T02:48:40.247Z] Checked if tokens are valid: true, expires at: 1773891744264
[debug] [2026-03-19T02:48:40.247Z] Checked if tokens are valid: true, expires at: 1773891744264
[debug] [2026-03-19T02:48:40.248Z] >>> [apiv2][query] GET https://serviceusage.googleapis.com/v1/projects//services/firebaseappdistribution.googleapis.com [none]
[debug] [2026-03-19T02:48:40.248Z] >>> [apiv2][(partial)header] GET https://serviceusage.googleapis.com/v1/projects//services/firebaseappdistribution.googleapis.com x-goog-quota-user=projects/
[debug] [2026-03-19T02:48:40.258Z] Checked if tokens are valid: true, expires at: 1773891744264
[debug] [2026-03-19T02:48:40.258Z] Checked if tokens are valid: true, expires at: 1773891744264
[debug] [2026-03-19T02:48:40.258Z] >>> [apiv2][query] GET https://serviceusage.googleapis.com/v1/projects//services/firebaseappdistribution.googleapis.com [none]
[debug] [2026-03-19T02:48:40.258Z] >>> [apiv2][(partial)header] GET https://serviceusage.googleapis.com/v1/projects//services/firebaseappdistribution.googleapis.com x-goog-quota-user=projects/
[debug] [2026-03-19T02:48:40.259Z] Checked if tokens are valid: true, expires at: 1773891744264
[debug] [2026-03-19T02:48:40.259Z] Checked if tokens are valid: true, expires at: 1773891744264
[debug] [2026-03-19T02:48:40.259Z] >>> [apiv2][query] GET https://serviceusage.googleapis.com/v1/projects//services/firebaseappdistribution.googleapis.com [none]
[debug] [2026-03-19T02:48:40.259Z] >>> [apiv2][(partial)header] GET https://serviceusage.googleapis.com/v1/projects//services/firebaseappdistribution.googleapis.com x-goog-quota-user=projects/
[debug] [2026-03-19T02:48:41.209Z] <<< [apiv2][status] GET https://serviceusage.googleapis.com/v1/projects//services/firebaseappdistribution.googleapis.com 400
[debug] [2026-03-19T02:48:41.209Z] <<< [apiv2][body] GET https://serviceusage.googleapis.com/v1/projects//services/firebaseappdistribution.googleapis.com [omitted]
[debug] [2026-03-19T02:48:41.210Z] > command requires scopes: ["email","openid","https://www.googleapis.com/auth/cloudplatformprojects.readonly","https://www.googleapis.com/auth/firebase","https://www.googleapis.com/auth/cloud-platform"]
[debug] [2026-03-19T02:48:41.211Z] > authorizing via signed-in user (saqoosha@whatever.co)
[debug] [2026-03-19T02:48:41.211Z] > command requires scopes: ["email","openid","https://www.googleapis.com/auth/cloudplatformprojects.readonly","https://www.googleapis.com/auth/firebase","https://www.googleapis.com/auth/cloud-platform"]
[debug] [2026-03-19T02:48:41.211Z] > authorizing via signed-in user (saqoosha@whatever.co)
[debug] [2026-03-19T02:48:41.223Z] <<< [apiv2][status] GET https://serviceusage.googleapis.com/v1/projects//services/firebaseappdistribution.googleapis.com 400
[debug] [2026-03-19T02:48:41.224Z] <<< [apiv2][body] GET https://serviceusage.googleapis.com/v1/projects//services/firebaseappdistribution.googleapis.com [omitted]
[debug] [2026-03-19T02:48:41.226Z] <<< [apiv2][status] GET https://serviceusage.googleapis.com/v1/projects//services/firebaseappdistribution.googleapis.com 400
[debug] [2026-03-19T02:48:41.226Z] <<< [apiv2][body] GET https://serviceusage.googleapis.com/v1/projects//services/firebaseappdistribution.googleapis.com [omitted]
[debug] [2026-03-19T02:48:41.227Z] > command requires scopes: ["email","openid","https://www.googleapis.com/auth/cloudplatformprojects.readonly","https://www.googleapis.com/auth/firebase","https://www.googleapis.com/auth/cloud-platform"]
[debug] [2026-03-19T02:48:41.227Z] > authorizing via signed-in user (saqoosha@whatever.co)
[debug] [2026-03-19T02:48:41.227Z] > command requires scopes: ["email","openid","https://www.googleapis.com/auth/cloudplatformprojects.readonly","https://www.googleapis.com/auth/firebase","https://www.googleapis.com/auth/cloud-platform"]
[debug] [2026-03-19T02:48:41.227Z] > authorizing via signed-in user (saqoosha@whatever.co)
[debug] [2026-03-19T02:48:42.505Z] > command requires scopes: ["email","openid","https://www.googleapis.com/auth/cloudplatformprojects.readonly","https://www.googleapis.com/auth/firebase","https://www.googleapis.com/auth/cloud-platform"]
[debug] [2026-03-19T02:48:42.507Z] > authorizing via signed-in user (saqoosha@whatever.co)
[debug] [2026-03-19T02:48:42.507Z] > command requires scopes: ["email","openid","https://www.googleapis.com/auth/cloudplatformprojects.readonly","https://www.googleapis.com/auth/firebase","https://www.googleapis.com/auth/cloud-platform"]
[debug] [2026-03-19T02:48:42.507Z] > authorizing via signed-in user (saqoosha@whatever.co)
[debug] [2026-03-19T02:48:42.530Z] Checked if tokens are valid: true, expires at: 1773891744264
[debug] [2026-03-19T02:48:42.530Z] Checked if tokens are valid: true, expires at: 1773891744264
[debug] [2026-03-19T02:48:42.530Z] >>> [apiv2][query] GET https://serviceusage.googleapis.com/v1/projects//services/firebaseappdistribution.googleapis.com [none]
[debug] [2026-03-19T02:48:42.530Z] >>> [apiv2][(partial)header] GET https://serviceusage.googleapis.com/v1/projects//services/firebaseappdistribution.googleapis.com  x-goog-user-project=
[debug] [2026-03-19T02:48:42.540Z] Checked if tokens are valid: true, expires at: 1773891744264
[debug] [2026-03-19T02:48:42.540Z] Checked if tokens are valid: true, expires at: 1773891744264
[debug] [2026-03-19T02:48:42.540Z] >>> [apiv2][query] GET https://serviceusage.googleapis.com/v1/projects//services/firebaseappdistribution.googleapis.com [none]
[debug] [2026-03-19T02:48:42.540Z] >>> [apiv2][(partial)header] GET https://serviceusage.googleapis.com/v1/projects//services/firebaseappdistribution.googleapis.com  x-goog-user-project=
[debug] [2026-03-19T02:48:43.484Z] <<< [apiv2][status] GET https://serviceusage.googleapis.com/v1/projects//services/firebaseappdistribution.googleapis.com 400
[debug] [2026-03-19T02:48:43.484Z] <<< [apiv2][body] GET https://serviceusage.googleapis.com/v1/projects//services/firebaseappdistribution.googleapis.com [omitted]
[debug] [2026-03-19T02:48:43.485Z] > command requires scopes: ["email","openid","https://www.googleapis.com/auth/cloudplatformprojects.readonly","https://www.googleapis.com/auth/firebase","https://www.googleapis.com/auth/cloud-platform"]
[debug] [2026-03-19T02:48:43.486Z] > authorizing via signed-in user (saqoosha@whatever.co)
[debug] [2026-03-19T02:48:43.486Z] > command requires scopes: ["email","openid","https://www.googleapis.com/auth/cloudplatformprojects.readonly","https://www.googleapis.com/auth/firebase","https://www.googleapis.com/auth/cloud-platform"]
[debug] [2026-03-19T02:48:43.486Z] > authorizing via signed-in user (saqoosha@whatever.co)
[debug] [2026-03-19T02:48:43.576Z] <<< [apiv2][status] GET https://serviceusage.googleapis.com/v1/projects//services/firebaseappdistribution.googleapis.com 400
[debug] [2026-03-19T02:48:43.576Z] <<< [apiv2][body] GET https://serviceusage.googleapis.com/v1/projects//services/firebaseappdistribution.googleapis.com [omitted]
[debug] [2026-03-19T02:48:43.577Z] > command requires scopes: ["email","openid","https://www.googleapis.com/auth/cloudplatformprojects.readonly","https://www.googleapis.com/auth/firebase","https://www.googleapis.com/auth/cloud-platform"]
[debug] [2026-03-19T02:48:43.577Z] > authorizing via signed-in user (saqoosha@whatever.co)
[debug] [2026-03-19T02:48:43.577Z] > command requires scopes: ["email","openid","https://www.googleapis.com/auth/cloudplatformprojects.readonly","https://www.googleapis.com/auth/firebase","https://www.googleapis.com/auth/cloud-platform"]
[debug] [2026-03-19T02:48:43.577Z] > authorizing via signed-in user (saqoosha@whatever.co)
[debug] [2026-03-19T02:49:01.273Z] > command requires scopes: ["email","openid","https://www.googleapis.com/auth/cloudplatformprojects.readonly","https://www.googleapis.com/auth/firebase","https://www.googleapis.com/auth/cloud-platform"]
[debug] [2026-03-19T02:49:01.274Z] > authorizing via signed-in user (saqoosha@whatever.co)
[debug] [2026-03-19T02:49:01.274Z] > command requires scopes: ["email","openid","https://www.googleapis.com/auth/cloudplatformprojects.readonly","https://www.googleapis.com/auth/firebase","https://www.googleapis.com/auth/cloud-platform"]
[debug] [2026-03-19T02:49:01.274Z] > authorizing via signed-in user (saqoosha@whatever.co)
[debug] [2026-03-19T02:49:01.282Z] > command requires scopes: ["email","openid","https://www.googleapis.com/auth/cloudplatformprojects.readonly","https://www.googleapis.com/auth/firebase","https://www.googleapis.com/auth/cloud-platform"]
[debug] [2026-03-19T02:49:01.282Z] > authorizing via signed-in user (saqoosha@whatever.co)
[debug] [2026-03-19T02:49:01.300Z] Checked if tokens are valid: true, expires at: 1773891744264
[debug] [2026-03-19T02:49:01.300Z] Checked if tokens are valid: true, expires at: 1773891744264
[debug] [2026-03-19T02:49:01.300Z] >>> [apiv2][query] GET https://serviceusage.googleapis.com/v1/projects//services/firebaseappdistribution.googleapis.com [none]
[debug] [2026-03-19T02:49:01.300Z] >>> [apiv2][(partial)header] GET https://serviceusage.googleapis.com/v1/projects//services/firebaseappdistribution.googleapis.com x-goog-quota-user=projects/
[debug] [2026-03-19T02:49:01.310Z] Checked if tokens are valid: true, expires at: 1773891744264
[debug] [2026-03-19T02:49:01.310Z] Checked if tokens are valid: true, expires at: 1773891744264
[debug] [2026-03-19T02:49:01.310Z] >>> [apiv2][query] GET https://serviceusage.googleapis.com/v1/projects//services/firebaseappdistribution.googleapis.com [none]
[debug] [2026-03-19T02:49:01.310Z] >>> [apiv2][(partial)header] GET https://serviceusage.googleapis.com/v1/projects//services/firebaseappdistribution.googleapis.com x-goog-quota-user=projects/
[debug] [2026-03-19T02:49:01.311Z] Checked if tokens are valid: true, expires at: 1773891744264
[debug] [2026-03-19T02:49:01.311Z] Checked if tokens are valid: true, expires at: 1773891744264
[debug] [2026-03-19T02:49:01.311Z] >>> [apiv2][query] GET https://serviceusage.googleapis.com/v1/projects//services/firebaseappdistribution.googleapis.com [none]
[debug] [2026-03-19T02:49:01.311Z] >>> [apiv2][(partial)header] GET https://serviceusage.googleapis.com/v1/projects//services/firebaseappdistribution.googleapis.com x-goog-quota-user=projects/
[debug] [2026-03-19T02:49:02.343Z] <<< [apiv2][status] GET https://serviceusage.googleapis.com/v1/projects//services/firebaseappdistribution.googleapis.com 400
[debug] [2026-03-19T02:49:02.343Z] <<< [apiv2][body] GET https://serviceusage.googleapis.com/v1/projects//services/firebaseappdistribution.googleapis.com [omitted]
[debug] [2026-03-19T02:49:02.345Z] > command requires scopes: ["email","openid","https://www.googleapis.com/auth/cloudplatformprojects.readonly","https://www.googleapis.com/auth/firebase","https://www.googleapis.com/auth/cloud-platform"]
[debug] [2026-03-19T02:49:02.345Z] > authorizing via signed-in user (saqoosha@whatever.co)
[debug] [2026-03-19T02:49:02.346Z] > command requires scopes: ["email","openid","https://www.googleapis.com/auth/cloudplatformprojects.readonly","https://www.googleapis.com/auth/firebase","https://www.googleapis.com/auth/cloud-platform"]
[debug] [2026-03-19T02:49:02.346Z] > authorizing via signed-in user (saqoosha@whatever.co)
[debug] [2026-03-19T02:49:02.346Z] <<< [apiv2][status] GET https://serviceusage.googleapis.com/v1/projects//services/firebaseappdistribution.googleapis.com 400
[debug] [2026-03-19T02:49:02.346Z] <<< [apiv2][body] GET https://serviceusage.googleapis.com/v1/projects//services/firebaseappdistribution.googleapis.com [omitted]
[debug] [2026-03-19T02:49:02.347Z] > command requires scopes: ["email","openid","https://www.googleapis.com/auth/cloudplatformprojects.readonly","https://www.googleapis.com/auth/firebase","https://www.googleapis.com/auth/cloud-platform"]
[debug] [2026-03-19T02:49:02.347Z] > authorizing via signed-in user (saqoosha@whatever.co)
[debug] [2026-03-19T02:49:02.348Z] > command requires scopes: ["email","openid","https://www.googleapis.com/auth/cloudplatformprojects.readonly","https://www.googleapis.com/auth/firebase","https://www.googleapis.com/auth/cloud-platform"]
[debug] [2026-03-19T02:49:02.348Z] > authorizing via signed-in user (saqoosha@whatever.co)
[debug] [2026-03-19T02:49:02.350Z] <<< [apiv2][status] GET https://serviceusage.googleapis.com/v1/projects//services/firebaseappdistribution.googleapis.com 400
[debug] [2026-03-19T02:49:02.350Z] <<< [apiv2][body] GET https://serviceusage.googleapis.com/v1/projects//services/firebaseappdistribution.googleapis.com [omitted]
[debug] [2026-03-19T02:49:03.441Z] > command requires scopes: ["email","openid","https://www.googleapis.com/auth/cloudplatformprojects.readonly","https://www.googleapis.com/auth/firebase","https://www.googleapis.com/auth/cloud-platform"]
[debug] [2026-03-19T02:49:03.443Z] > authorizing via signed-in user (saqoosha@whatever.co)
[debug] [2026-03-19T02:49:03.443Z] > command requires scopes: ["email","openid","https://www.googleapis.com/auth/cloudplatformprojects.readonly","https://www.googleapis.com/auth/firebase","https://www.googleapis.com/auth/cloud-platform"]
[debug] [2026-03-19T02:49:03.443Z] > authorizing via signed-in user (saqoosha@whatever.co)
[debug] [2026-03-19T02:49:03.465Z] Checked if tokens are valid: true, expires at: 1773891744264
[debug] [2026-03-19T02:49:03.465Z] Checked if tokens are valid: true, expires at: 1773891744264
[debug] [2026-03-19T02:49:03.465Z] >>> [apiv2][query] GET https://serviceusage.googleapis.com/v1/projects//services/firebaseappdistribution.googleapis.com [none]
[debug] [2026-03-19T02:49:03.465Z] >>> [apiv2][(partial)header] GET https://serviceusage.googleapis.com/v1/projects//services/firebaseappdistribution.googleapis.com  x-goog-user-project=
[debug] [2026-03-19T02:49:03.475Z] Checked if tokens are valid: true, expires at: 1773891744264
[debug] [2026-03-19T02:49:03.475Z] Checked if tokens are valid: true, expires at: 1773891744264
[debug] [2026-03-19T02:49:03.476Z] >>> [apiv2][query] GET https://serviceusage.googleapis.com/v1/projects//services/firebaseappdistribution.googleapis.com [none]
[debug] [2026-03-19T02:49:03.476Z] >>> [apiv2][(partial)header] GET https://serviceusage.googleapis.com/v1/projects//services/firebaseappdistribution.googleapis.com  x-goog-user-project=
[debug] [2026-03-19T02:49:04.436Z] <<< [apiv2][status] GET https://serviceusage.googleapis.com/v1/projects//services/firebaseappdistribution.googleapis.com 400
[debug] [2026-03-19T02:49:04.436Z] <<< [apiv2][body] GET https://serviceusage.googleapis.com/v1/projects//services/firebaseappdistribution.googleapis.com [omitted]
[debug] [2026-03-19T02:49:04.437Z] > command requires scopes: ["email","openid","https://www.googleapis.com/auth/cloudplatformprojects.readonly","https://www.googleapis.com/auth/firebase","https://www.googleapis.com/auth/cloud-platform"]
[debug] [2026-03-19T02:49:04.437Z] > authorizing via signed-in user (saqoosha@whatever.co)
[debug] [2026-03-19T02:49:04.437Z] > command requires scopes: ["email","openid","https://www.googleapis.com/auth/cloudplatformprojects.readonly","https://www.googleapis.com/auth/firebase","https://www.googleapis.com/auth/cloud-platform"]
[debug] [2026-03-19T02:49:04.437Z] > authorizing via signed-in user (saqoosha@whatever.co)
[debug] [2026-03-19T02:49:04.443Z] <<< [apiv2][status] GET https://serviceusage.googleapis.com/v1/projects//services/firebaseappdistribution.googleapis.com 400
[debug] [2026-03-19T02:49:04.443Z] <<< [apiv2][body] GET https://serviceusage.googleapis.com/v1/projects//services/firebaseappdistribution.googleapis.com [omitted]
[debug] [2026-03-19T02:49:04.444Z] > command requires scopes: ["email","openid","https://www.googleapis.com/auth/cloudplatformprojects.readonly","https://www.googleapis.com/auth/firebase","https://www.googleapis.com/auth/cloud-platform"]
[debug] [2026-03-19T02:49:04.444Z] > authorizing via signed-in user (saqoosha@whatever.co)
[debug] [2026-03-19T02:49:04.445Z] > command requires scopes: ["email","openid","https://www.googleapis.com/auth/cloudplatformprojects.readonly","https://www.googleapis.com/auth/firebase","https://www.googleapis.com/auth/cloud-platform"]
[debug] [2026-03-19T02:49:04.445Z] > authorizing via signed-in user (saqoosha@whatever.co)
[debug] [2026-03-19T02:49:52.902Z] > command requires scopes: ["email","openid","https://www.googleapis.com/auth/cloudplatformprojects.readonly","https://www.googleapis.com/auth/firebase","https://www.googleapis.com/auth/cloud-platform"]
[debug] [2026-03-19T02:49:52.903Z] > authorizing via signed-in user (saqoosha@whatever.co)
[debug] [2026-03-19T02:49:52.903Z] > command requires scopes: ["email","openid","https://www.googleapis.com/auth/cloudplatformprojects.readonly","https://www.googleapis.com/auth/firebase","https://www.googleapis.com/auth/cloud-platform"]
[debug] [2026-03-19T02:49:52.903Z] > authorizing via signed-in user (saqoosha@whatever.co)
[debug] [2026-03-19T02:49:52.911Z] > command requires scopes: ["email","openid","https://www.googleapis.com/auth/cloudplatformprojects.readonly","https://www.googleapis.com/auth/firebase","https://www.googleapis.com/auth/cloud-platform"]
[debug] [2026-03-19T02:49:52.911Z] > authorizing via signed-in user (saqoosha@whatever.co)
[debug] [2026-03-19T02:49:52.927Z] Checked if tokens are valid: true, expires at: 1773891744264
[debug] [2026-03-19T02:49:52.927Z] Checked if tokens are valid: true, expires at: 1773891744264
[debug] [2026-03-19T02:49:52.927Z] >>> [apiv2][query] GET https://serviceusage.googleapis.com/v1/projects//services/firebaseappdistribution.googleapis.com [none]
[debug] [2026-03-19T02:49:52.927Z] >>> [apiv2][(partial)header] GET https://serviceusage.googleapis.com/v1/projects//services/firebaseappdistribution.googleapis.com x-goog-quota-user=projects/
[debug] [2026-03-19T02:49:52.938Z] Checked if tokens are valid: true, expires at: 1773891744264
[debug] [2026-03-19T02:49:52.938Z] Checked if tokens are valid: true, expires at: 1773891744264
[debug] [2026-03-19T02:49:52.938Z] >>> [apiv2][query] GET https://serviceusage.googleapis.com/v1/projects//services/firebaseappdistribution.googleapis.com [none]
[debug] [2026-03-19T02:49:52.938Z] >>> [apiv2][(partial)header] GET https://serviceusage.googleapis.com/v1/projects//services/firebaseappdistribution.googleapis.com x-goog-quota-user=projects/
[debug] [2026-03-19T02:49:52.939Z] Checked if tokens are valid: true, expires at: 1773891744264
[debug] [2026-03-19T02:49:52.939Z] Checked if tokens are valid: true, expires at: 1773891744264
[debug] [2026-03-19T02:49:52.939Z] >>> [apiv2][query] GET https://serviceusage.googleapis.com/v1/projects//services/firebaseappdistribution.googleapis.com [none]
[debug] [2026-03-19T02:49:52.939Z] >>> [apiv2][(partial)header] GET https://serviceusage.googleapis.com/v1/projects//services/firebaseappdistribution.googleapis.com x-goog-quota-user=projects/
[debug] [2026-03-19T02:49:53.366Z] <<< [apiv2][status] GET https://serviceusage.googleapis.com/v1/projects//services/firebaseappdistribution.googleapis.com 400
[debug] [2026-03-19T02:49:53.366Z] <<< [apiv2][body] GET https://serviceusage.googleapis.com/v1/projects//services/firebaseappdistribution.googleapis.com [omitted]
[debug] [2026-03-19T02:49:53.368Z] > command requires scopes: ["email","openid","https://www.googleapis.com/auth/cloudplatformprojects.readonly","https://www.googleapis.com/auth/firebase","https://www.googleapis.com/auth/cloud-platform"]
[debug] [2026-03-19T02:49:53.368Z] > authorizing via signed-in user (saqoosha@whatever.co)
[debug] [2026-03-19T02:49:53.368Z] > command requires scopes: ["email","openid","https://www.googleapis.com/auth/cloudplatformprojects.readonly","https://www.googleapis.com/auth/firebase","https://www.googleapis.com/auth/cloud-platform"]
[debug] [2026-03-19T02:49:53.368Z] > authorizing via signed-in user (saqoosha@whatever.co)
[debug] [2026-03-19T02:49:54.047Z] <<< [apiv2][status] GET https://serviceusage.googleapis.com/v1/projects//services/firebaseappdistribution.googleapis.com 400
[debug] [2026-03-19T02:49:54.047Z] <<< [apiv2][body] GET https://serviceusage.googleapis.com/v1/projects//services/firebaseappdistribution.googleapis.com [omitted]
[debug] [2026-03-19T02:49:54.048Z] > command requires scopes: ["email","openid","https://www.googleapis.com/auth/cloudplatformprojects.readonly","https://www.googleapis.com/auth/firebase","https://www.googleapis.com/auth/cloud-platform"]
[debug] [2026-03-19T02:49:54.048Z] > authorizing via signed-in user (saqoosha@whatever.co)
[debug] [2026-03-19T02:49:54.048Z] > command requires scopes: ["email","openid","https://www.googleapis.com/auth/cloudplatformprojects.readonly","https://www.googleapis.com/auth/firebase","https://www.googleapis.com/auth/cloud-platform"]
[debug] [2026-03-19T02:49:54.048Z] > authorizing via signed-in user (saqoosha@whatever.co)
[debug] [2026-03-19T02:49:54.049Z] <<< [apiv2][status] GET https://serviceusage.googleapis.com/v1/projects//services/firebaseappdistribution.googleapis.com 400
[debug] [2026-03-19T02:49:54.049Z] <<< [apiv2][body] GET https://serviceusage.googleapis.com/v1/projects//services/firebaseappdistribution.googleapis.com [omitted]
[debug] [2026-03-19T02:49:54.878Z] > command requires scopes: ["email","openid","https://www.googleapis.com/auth/cloudplatformprojects.readonly","https://www.googleapis.com/auth/firebase","https://www.googleapis.com/auth/cloud-platform"]
[debug] [2026-03-19T02:49:54.880Z] > authorizing via signed-in user (saqoosha@whatever.co)
[debug] [2026-03-19T02:49:54.880Z] > command requires scopes: ["email","openid","https://www.googleapis.com/auth/cloudplatformprojects.readonly","https://www.googleapis.com/auth/firebase","https://www.googleapis.com/auth/cloud-platform"]
[debug] [2026-03-19T02:49:54.880Z] > authorizing via signed-in user (saqoosha@whatever.co)
[debug] [2026-03-19T02:49:54.898Z] Checked if tokens are valid: true, expires at: 1773891744264
[debug] [2026-03-19T02:49:54.898Z] Checked if tokens are valid: true, expires at: 1773891744264
[debug] [2026-03-19T02:49:54.899Z] >>> [apiv2][query] GET https://serviceusage.googleapis.com/v1/projects//services/firebaseappdistribution.googleapis.com [none]
[debug] [2026-03-19T02:49:54.899Z] >>> [apiv2][(partial)header] GET https://serviceusage.googleapis.com/v1/projects//services/firebaseappdistribution.googleapis.com  x-goog-user-project=
[debug] [2026-03-19T02:49:54.908Z] Checked if tokens are valid: true, expires at: 1773891744264
[debug] [2026-03-19T02:49:54.908Z] Checked if tokens are valid: true, expires at: 1773891744264
[debug] [2026-03-19T02:49:54.908Z] >>> [apiv2][query] GET https://serviceusage.googleapis.com/v1/projects//services/firebaseappdistribution.googleapis.com [none]
[debug] [2026-03-19T02:49:54.908Z] >>> [apiv2][(partial)header] GET https://serviceusage.googleapis.com/v1/projects//services/firebaseappdistribution.googleapis.com  x-goog-user-project=
[debug] [2026-03-19T02:49:55.932Z] <<< [apiv2][status] GET https://serviceusage.googleapis.com/v1/projects//services/firebaseappdistribution.googleapis.com 400
[debug] [2026-03-19T02:49:55.932Z] <<< [apiv2][body] GET https://serviceusage.googleapis.com/v1/projects//services/firebaseappdistribution.googleapis.com [omitted]
[debug] [2026-03-19T02:49:55.933Z] > command requires scopes: ["email","openid","https://www.googleapis.com/auth/cloudplatformprojects.readonly","https://www.googleapis.com/auth/firebase","https://www.googleapis.com/auth/cloud-platform"]
[debug] [2026-03-19T02:49:55.933Z] > authorizing via signed-in user (saqoosha@whatever.co)
[debug] [2026-03-19T02:49:55.934Z] > command requires scopes: ["email","openid","https://www.googleapis.com/auth/cloudplatformprojects.readonly","https://www.googleapis.com/auth/firebase","https://www.googleapis.com/auth/cloud-platform"]
[debug] [2026-03-19T02:49:55.934Z] > authorizing via signed-in user (saqoosha@whatever.co)
[debug] [2026-03-19T02:49:55.934Z] <<< [apiv2][status] GET https://serviceusage.googleapis.com/v1/projects//services/firebaseappdistribution.googleapis.com 400
[debug] [2026-03-19T02:49:55.934Z] <<< [apiv2][body] GET https://serviceusage.googleapis.com/v1/projects//services/firebaseappdistribution.googleapis.com [omitted]
[debug] [2026-03-19T02:49:55.935Z] > command requires scopes: ["email","openid","https://www.googleapis.com/auth/cloudplatformprojects.readonly","https://www.googleapis.com/auth/firebase","https://www.googleapis.com/auth/cloud-platform"]
[debug] [2026-03-19T02:49:55.935Z] > authorizing via signed-in user (saqoosha@whatever.co)
[debug] [2026-03-19T02:49:55.935Z] > command requires scopes: ["email","openid","https://www.googleapis.com/auth/cloudplatformprojects.readonly","https://www.googleapis.com/auth/firebase","https://www.googleapis.com/auth/cloud-platform"]
[debug] [2026-03-19T02:49:55.935Z] > authorizing via signed-in user (saqoosha@whatever.co)
[debug] [2026-03-19T03:02:57.364Z] > command requires scopes: ["email","openid","https://www.googleapis.com/auth/cloudplatformprojects.readonly","https://www.googleapis.com/auth/firebase","https://www.googleapis.com/auth/cloud-platform"]
[debug] [2026-03-19T03:02:57.366Z] > authorizing via signed-in user (saqoosha@whatever.co)
[debug] [2026-03-19T03:02:57.366Z] > command requires scopes: ["email","openid","https://www.googleapis.com/auth/cloudplatformprojects.readonly","https://www.googleapis.com/auth/firebase","https://www.googleapis.com/auth/cloud-platform"]
[debug] [2026-03-19T03:02:57.366Z] > authorizing via signed-in user (saqoosha@whatever.co)
[debug] [2026-03-19T03:02:57.374Z] > command requires scopes: ["email","openid","https://www.googleapis.com/auth/cloudplatformprojects.readonly","https://www.googleapis.com/auth/firebase","https://www.googleapis.com/auth/cloud-platform"]
[debug] [2026-03-19T03:02:57.374Z] > authorizing via signed-in user (saqoosha@whatever.co)
[debug] [2026-03-19T03:02:57.389Z] Checked if tokens are valid: true, expires at: 1773891744264
[debug] [2026-03-19T03:02:57.389Z] Checked if tokens are valid: true, expires at: 1773891744264
[debug] [2026-03-19T03:02:57.390Z] >>> [apiv2][query] GET https://serviceusage.googleapis.com/v1/projects//services/firebaseappdistribution.googleapis.com [none]
[debug] [2026-03-19T03:02:57.390Z] >>> [apiv2][(partial)header] GET https://serviceusage.googleapis.com/v1/projects//services/firebaseappdistribution.googleapis.com x-goog-quota-user=projects/
[debug] [2026-03-19T03:02:57.399Z] Checked if tokens are valid: true, expires at: 1773891744264
[debug] [2026-03-19T03:02:57.399Z] Checked if tokens are valid: true, expires at: 1773891744264
[debug] [2026-03-19T03:02:57.399Z] >>> [apiv2][query] GET https://serviceusage.googleapis.com/v1/projects//services/firebaseappdistribution.googleapis.com [none]
[debug] [2026-03-19T03:02:57.399Z] >>> [apiv2][(partial)header] GET https://serviceusage.googleapis.com/v1/projects//services/firebaseappdistribution.googleapis.com x-goog-quota-user=projects/
[debug] [2026-03-19T03:02:57.400Z] Checked if tokens are valid: true, expires at: 1773891744264
[debug] [2026-03-19T03:02:57.400Z] Checked if tokens are valid: true, expires at: 1773891744264
[debug] [2026-03-19T03:02:57.400Z] >>> [apiv2][query] GET https://serviceusage.googleapis.com/v1/projects//services/firebaseappdistribution.googleapis.com [none]
[debug] [2026-03-19T03:02:57.400Z] >>> [apiv2][(partial)header] GET https://serviceusage.googleapis.com/v1/projects//services/firebaseappdistribution.googleapis.com x-goog-quota-user=projects/
[debug] [2026-03-19T03:02:58.366Z] <<< [apiv2][status] GET https://serviceusage.googleapis.com/v1/projects//services/firebaseappdistribution.googleapis.com 400
[debug] [2026-03-19T03:02:58.366Z] <<< [apiv2][body] GET https://serviceusage.googleapis.com/v1/projects//services/firebaseappdistribution.googleapis.com [omitted]
[debug] [2026-03-19T03:02:58.367Z] <<< [apiv2][status] GET https://serviceusage.googleapis.com/v1/projects//services/firebaseappdistribution.googleapis.com 400
[debug] [2026-03-19T03:02:58.367Z] <<< [apiv2][body] GET https://serviceusage.googleapis.com/v1/projects//services/firebaseappdistribution.googleapis.com [omitted]
[debug] [2026-03-19T03:02:58.368Z] > command requires scopes: ["email","openid","https://www.googleapis.com/auth/cloudplatformprojects.readonly","https://www.googleapis.com/auth/firebase","https://www.googleapis.com/auth/cloud-platform"]
[debug] [2026-03-19T03:02:58.368Z] > authorizing via signed-in user (saqoosha@whatever.co)
[debug] [2026-03-19T03:02:58.369Z] > command requires scopes: ["email","openid","https://www.googleapis.com/auth/cloudplatformprojects.readonly","https://www.googleapis.com/auth/firebase","https://www.googleapis.com/auth/cloud-platform"]
[debug] [2026-03-19T03:02:58.369Z] > authorizing via signed-in user (saqoosha@whatever.co)
[debug] [2026-03-19T03:02:58.429Z] <<< [apiv2][status] GET https://serviceusage.googleapis.com/v1/projects//services/firebaseappdistribution.googleapis.com 400
[debug] [2026-03-19T03:02:58.429Z] <<< [apiv2][body] GET https://serviceusage.googleapis.com/v1/projects//services/firebaseappdistribution.googleapis.com [omitted]
[debug] [2026-03-19T03:02:58.429Z] > command requires scopes: ["email","openid","https://www.googleapis.com/auth/cloudplatformprojects.readonly","https://www.googleapis.com/auth/firebase","https://www.googleapis.com/auth/cloud-platform"]
[debug] [2026-03-19T03:02:58.430Z] > authorizing via signed-in user (saqoosha@whatever.co)
[debug] [2026-03-19T03:02:58.430Z] > command requires scopes: ["email","openid","https://www.googleapis.com/auth/cloudplatformprojects.readonly","https://www.googleapis.com/auth/firebase","https://www.googleapis.com/auth/cloud-platform"]
[debug] [2026-03-19T03:02:58.430Z] > authorizing via signed-in user (saqoosha@whatever.co)
[debug] [2026-03-19T03:02:59.514Z] > command requires scopes: ["email","openid","https://www.googleapis.com/auth/cloudplatformprojects.readonly","https://www.googleapis.com/auth/firebase","https://www.googleapis.com/auth/cloud-platform"]
[debug] [2026-03-19T03:02:59.516Z] > authorizing via signed-in user (saqoosha@whatever.co)
[debug] [2026-03-19T03:02:59.516Z] > command requires scopes: ["email","openid","https://www.googleapis.com/auth/cloudplatformprojects.readonly","https://www.googleapis.com/auth/firebase","https://www.googleapis.com/auth/cloud-platform"]
[debug] [2026-03-19T03:02:59.516Z] > authorizing via signed-in user (saqoosha@whatever.co)
[debug] [2026-03-19T03:02:59.537Z] Checked if tokens are valid: true, expires at: 1773891744264
[debug] [2026-03-19T03:02:59.537Z] Checked if tokens are valid: true, expires at: 1773891744264
[debug] [2026-03-19T03:02:59.537Z] >>> [apiv2][query] GET https://serviceusage.googleapis.com/v1/projects//services/firebaseappdistribution.googleapis.com [none]
[debug] [2026-03-19T03:02:59.537Z] >>> [apiv2][(partial)header] GET https://serviceusage.googleapis.com/v1/projects//services/firebaseappdistribution.googleapis.com  x-goog-user-project=
[debug] [2026-03-19T03:02:59.546Z] Checked if tokens are valid: true, expires at: 1773891744264
[debug] [2026-03-19T03:02:59.546Z] Checked if tokens are valid: true, expires at: 1773891744264
[debug] [2026-03-19T03:02:59.546Z] >>> [apiv2][query] GET https://serviceusage.googleapis.com/v1/projects//services/firebaseappdistribution.googleapis.com [none]
[debug] [2026-03-19T03:02:59.546Z] >>> [apiv2][(partial)header] GET https://serviceusage.googleapis.com/v1/projects//services/firebaseappdistribution.googleapis.com  x-goog-user-project=
[debug] [2026-03-19T03:03:00.499Z] <<< [apiv2][status] GET https://serviceusage.googleapis.com/v1/projects//services/firebaseappdistribution.googleapis.com 400
[debug] [2026-03-19T03:03:00.499Z] <<< [apiv2][body] GET https://serviceusage.googleapis.com/v1/projects//services/firebaseappdistribution.googleapis.com [omitted]
[debug] [2026-03-19T03:03:00.501Z] > command requires scopes: ["email","openid","https://www.googleapis.com/auth/cloudplatformprojects.readonly","https://www.googleapis.com/auth/firebase","https://www.googleapis.com/auth/cloud-platform"]
[debug] [2026-03-19T03:03:00.501Z] > authorizing via signed-in user (saqoosha@whatever.co)
[debug] [2026-03-19T03:03:00.501Z] > command requires scopes: ["email","openid","https://www.googleapis.com/auth/cloudplatformprojects.readonly","https://www.googleapis.com/auth/firebase","https://www.googleapis.com/auth/cloud-platform"]
[debug] [2026-03-19T03:03:00.501Z] > authorizing via signed-in user (saqoosha@whatever.co)
[debug] [2026-03-19T03:03:00.506Z] <<< [apiv2][status] GET https://serviceusage.googleapis.com/v1/projects//services/firebaseappdistribution.googleapis.com 400
[debug] [2026-03-19T03:03:00.506Z] <<< [apiv2][body] GET https://serviceusage.googleapis.com/v1/projects//services/firebaseappdistribution.googleapis.com [omitted]
[debug] [2026-03-19T03:03:00.507Z] > command requires scopes: ["email","openid","https://www.googleapis.com/auth/cloudplatformprojects.readonly","https://www.googleapis.com/auth/firebase","https://www.googleapis.com/auth/cloud-platform"]
[debug] [2026-03-19T03:03:00.507Z] > authorizing via signed-in user (saqoosha@whatever.co)
[debug] [2026-03-19T03:03:00.508Z] > command requires scopes: ["email","openid","https://www.googleapis.com/auth/cloudplatformprojects.readonly","https://www.googleapis.com/auth/firebase","https://www.googleapis.com/auth/cloud-platform"]
[debug] [2026-03-19T03:03:00.508Z] > authorizing via signed-in user (saqoosha@whatever.co)
[debug] [2026-03-19T03:06:44.644Z] > command requires scopes: ["email","openid","https://www.googleapis.com/auth/cloudplatformprojects.readonly","https://www.googleapis.com/auth/firebase","https://www.googleapis.com/auth/cloud-platform"]
[debug] [2026-03-19T03:06:44.645Z] > authorizing via signed-in user (saqoosha@whatever.co)
[debug] [2026-03-19T03:06:44.645Z] > command requires scopes: ["email","openid","https://www.googleapis.com/auth/cloudplatformprojects.readonly","https://www.googleapis.com/auth/firebase","https://www.googleapis.com/auth/cloud-platform"]
[debug] [2026-03-19T03:06:44.646Z] > authorizing via signed-in user (saqoosha@whatever.co)
[debug] [2026-03-19T03:06:44.656Z] > command requires scopes: ["email","openid","https://www.googleapis.com/auth/cloudplatformprojects.readonly","https://www.googleapis.com/auth/firebase","https://www.googleapis.com/auth/cloud-platform"]
[debug] [2026-03-19T03:06:44.656Z] > authorizing via signed-in user (saqoosha@whatever.co)
[debug] [2026-03-19T03:06:44.682Z] Checked if tokens are valid: true, expires at: 1773891744264
[debug] [2026-03-19T03:06:44.682Z] Checked if tokens are valid: true, expires at: 1773891744264
[debug] [2026-03-19T03:06:44.682Z] >>> [apiv2][query] GET https://serviceusage.googleapis.com/v1/projects//services/firebaseappdistribution.googleapis.com [none]
[debug] [2026-03-19T03:06:44.682Z] >>> [apiv2][(partial)header] GET https://serviceusage.googleapis.com/v1/projects//services/firebaseappdistribution.googleapis.com x-goog-quota-user=projects/
[debug] [2026-03-19T03:06:44.692Z] Checked if tokens are valid: true, expires at: 1773891744264
[debug] [2026-03-19T03:06:44.692Z] Checked if tokens are valid: true, expires at: 1773891744264
[debug] [2026-03-19T03:06:44.692Z] >>> [apiv2][query] GET https://serviceusage.googleapis.com/v1/projects//services/firebaseappdistribution.googleapis.com [none]
[debug] [2026-03-19T03:06:44.692Z] >>> [apiv2][(partial)header] GET https://serviceusage.googleapis.com/v1/projects//services/firebaseappdistribution.googleapis.com x-goog-quota-user=projects/
[debug] [2026-03-19T03:06:44.693Z] Checked if tokens are valid: true, expires at: 1773891744264
[debug] [2026-03-19T03:06:44.693Z] Checked if tokens are valid: true, expires at: 1773891744264
[debug] [2026-03-19T03:06:44.693Z] >>> [apiv2][query] GET https://serviceusage.googleapis.com/v1/projects//services/firebaseappdistribution.googleapis.com [none]
[debug] [2026-03-19T03:06:44.693Z] >>> [apiv2][(partial)header] GET https://serviceusage.googleapis.com/v1/projects//services/firebaseappdistribution.googleapis.com x-goog-quota-user=projects/
[debug] [2026-03-19T03:06:44.932Z] <<< [apiv2][status] GET https://serviceusage.googleapis.com/v1/projects//services/firebaseappdistribution.googleapis.com 400
[debug] [2026-03-19T03:06:44.932Z] <<< [apiv2][body] GET https://serviceusage.googleapis.com/v1/projects//services/firebaseappdistribution.googleapis.com [omitted]
[debug] [2026-03-19T03:06:44.933Z] > command requires scopes: ["email","openid","https://www.googleapis.com/auth/cloudplatformprojects.readonly","https://www.googleapis.com/auth/firebase","https://www.googleapis.com/auth/cloud-platform"]
[debug] [2026-03-19T03:06:44.934Z] > authorizing via signed-in user (saqoosha@whatever.co)
[debug] [2026-03-19T03:06:44.934Z] > command requires scopes: ["email","openid","https://www.googleapis.com/auth/cloudplatformprojects.readonly","https://www.googleapis.com/auth/firebase","https://www.googleapis.com/auth/cloud-platform"]
[debug] [2026-03-19T03:06:44.934Z] > authorizing via signed-in user (saqoosha@whatever.co)
